19:11:48 | INFO     | ======================================================================
19:11:48 | INFO     | Starting Diabetic Retinopathy EDA pipeline
19:11:48 | INFO     | ======================================================================
19:11:48 | INFO     | [train] Loaded 2,930 rows from train.csv
19:11:48 | INFO     | [train] All 2930 referenced images found on disk. [OK]
19:11:48 | INFO     | [val] Loaded 366 rows from valid.csv
19:11:48 | INFO     | [val] All 366 referenced images found on disk. [OK]
19:11:48 | INFO     | [test] Loaded 366 rows from test.csv
19:11:48 | INFO     | [test] All 366 referenced images found on disk. [OK]
19:11:48 | INFO     | 
 grade             class_name  train_count  train_pct  val_count  val_pct  test_count  test_pct
     0         No DR (Normal)         1434      48.94        172    46.99         199     54.37
     1                Mild DR          300      10.24         40    10.93          30      8.20
     2            Moderate DR          808      27.58        104    28.42          87     23.77
     3              Severe DR          154       5.26         22     6.01          17      4.64
     4 Proliferative DR (PDR)          234       7.99         28     7.65          33      9.02
19:11:48 | INFO     | [train] Imbalance ratio (majority:minority) = 9.31:1
19:11:48 | WARNING  | [train] SEVERE class imbalance detected (ratio >= 5). Recommend weighted loss / focal loss / oversampling minority classes.
19:11:48 | INFO     | Saved: D:\RetinaGrade\data\processed\eda_plots\plot1_class_distribution.png
19:11:48 | INFO     | Inspecting image geometry for split: train
19:11:53 | INFO     |   ...inspected 200/800 images
19:12:00 | INFO     |   ...inspected 400/800 images
19:12:06 | INFO     |   ...inspected 600/800 images
19:12:13 | INFO     |   ...inspected 800/800 images
19:12:13 | INFO     | Inspected 800 images in 25.0s (32.0 img/s)
19:12:13 | INFO     | Inspecting image geometry for split: val
19:12:19 | INFO     |   ...inspected 200/366 images
19:12:23 | INFO     | Inspected 366 images in 10.7s (34.2 img/s)
19:12:23 | INFO     | Inspecting image geometry for split: test
19:12:29 | INFO     |   ...inspected 200/366 images
19:12:35 | INFO     | Inspected 366 images in 11.1s (33.1 img/s)
19:12:35 | INFO     | Saved: D:\RetinaGrade\data\processed\eda_plots\plot3_resolution_distribution.png
19:12:35 | INFO     | Saved: D:\RetinaGrade\data\processed\eda_plots\plot4_intensity_comparison.png
19:13:39 | INFO     | Saved: D:\RetinaGrade\data\processed\eda_plots\plot5_crop_clahe_preview.png
19:13:50 | INFO     | Saved: D:\RetinaGrade\data\processed\eda_plots\plot2_class_sample_grid.png
